Copyright 1986-2022 Xilinx, Inc. All Rights Reserved. Copyright 2022-2025 Advanced Micro Devices, Inc. All Rights Reserved.
---------------------------------------------------------------------------------------------------------------------------------------------
| Tool Version : Vivado v.2025.2 (win64) Build 6299465 Fri Nov 14 19:35:11 GMT 2025
| Date         : Tue May  5 16:21:24 2026
| Host         : DESKTOP-99HDG4N running 64-bit major release  (build 9200)
| Command      : report_drc -file design_1_wrapper_drc_routed.rpt -pb design_1_wrapper_drc_routed.pb -rpx design_1_wrapper_drc_routed.rpx
| Design       : design_1_wrapper
| Device       : xc7z020clg400-1
| Speed File   : -1
| Design State : Fully Routed
---------------------------------------------------------------------------------------------------------------------------------------------

Report DRC

Table of Contents
-----------------
1. REPORT SUMMARY
2. REPORT DETAILS

1. REPORT SUMMARY
-----------------
            Netlist: netlist
          Floorplan: design_1
      Design limits: <entire design considered>
           Ruledeck: default
             Max checks: <unlimited>
             Checks found: 50
+-----------+----------+----------------------------+--------+
| Rule      | Severity | Description                | Checks |
+-----------+----------+----------------------------+--------+
| CHECK-3   | Warning  | Report rule limit reached  | 2      |
| DPIP-1    | Warning  | Input pipelining           | 2      |
| DPOP-1    | Warning  | PREG Output pipelining     | 1      |
| DPOP-2    | Warning  | MREG Output pipelining     | 1      |
| PDCN-1569 | Warning  | LUT equation term check    | 3      |
| REQP-1839 | Warning  | RAMB36 async control check | 20     |
| REQP-1840 | Warning  | RAMB18 async control check | 20     |
| RTSTAT-10 | Warning  | No routable loads          | 1      |
+-----------+----------+----------------------------+--------+

2. REPORT DETAILS
-----------------
CHECK-3#1 Warning
Report rule limit reached  
REQP-1839 rule limit reached: 20 violations have been found.
Related violations: <none>

CHECK-3#2 Warning
Report rule limit reached  
REQP-1840 rule limit reached: 20 violations have been found.
Related violations: <none>

DPIP-1#1 Warning
Input pipelining  
DSP design_1_i/kv_cache_axi_wrapper_0/inst/u_kv_core/hash_product input design_1_i/kv_cache_axi_wrapper_0/inst/u_kv_core/hash_product/A[29:0] is not pipelined. Pipelining DSP48 input will improve performance.
Related violations: <none>

DPIP-1#2 Warning
Input pipelining  
DSP design_1_i/kv_cache_axi_wrapper_0/inst/u_kv_core/hash_product__0 input design_1_i/kv_cache_axi_wrapper_0/inst/u_kv_core/hash_product__0/A[29:0] is not pipelined. Pipelining DSP48 input will improve performance.
Related violations: <none>

DPOP-1#1 Warning
PREG Output pipelining  
DSP design_1_i/kv_cache_axi_wrapper_0/inst/u_kv_core/hash_product__0 output design_1_i/kv_cache_axi_wrapper_0/inst/u_kv_core/hash_product__0/P[47:0] is not pipelined (PREG=0). Pipelining the DSP48 output will improve performance and often saves power so it is suggested whenever possible to fully pipeline this function.  If this DSP48 function was inferred, it is suggested to describe an additional register stage after this function.  If the DSP48 was instantiated in the design, it is suggested to set the PREG attribute to 1.
Related violations: <none>

DPOP-2#1 Warning
MREG Output pipelining  
DSP design_1_i/kv_cache_axi_wrapper_0/inst/u_kv_core/hash_product__0 multiplier stage design_1_i/kv_cache_axi_wrapper_0/inst/u_kv_core/hash_product__0/P[47:0] is not pipelined (MREG=0). Pipelining the multiplier function will improve performance and will save significant power so it is suggested whenever possible to fully pipeline this function.  If this multiplier was inferred, it is suggested to describe an additional register stage after this function.  If there is no registered adder/accumulator following the multiply function, two pipeline stages are suggested to allow both the MREG and PREG registers to be used.  If the DSP48 was instantiated in the design, it is suggested to set both the MREG and PREG attributes to 1 when performing multiply functions.
Related violations: <none>

PDCN-1569#1 Warning
LUT equation term check  
Used physical LUT pin 'A3' of cell design_1_i/axi_mem_intercon/s00_couplers/auto_pc/inst/gen_axi4_axi3.axi3_conv_inst/USE_READ.USE_SPLIT_R.read_addr_inst/USE_R_CHANNEL.cmd_queue/inst/fifo_gen_inst/inst_fifo_gen/gconvfifo.rf/grf.rf/gntv_or_sync_fifo.gl0.rd/gr1.gr1_int.rfwft/gpregsm1.user_valid_i_1 (pin design_1_i/axi_mem_intercon/s00_couplers/auto_pc/inst/gen_axi4_axi3.axi3_conv_inst/USE_READ.USE_SPLIT_R.read_addr_inst/USE_R_CHANNEL.cmd_queue/inst/fifo_gen_inst/inst_fifo_gen/gconvfifo.rf/grf.rf/gntv_or_sync_fifo.gl0.rd/gr1.gr1_int.rfwft/gpregsm1.user_valid_i_1/I1) is not included in the LUT equation: 'O6=(A5)+((~A5)*(~A4)*A1)'. If this cell is a user instantiated LUT in the design, please remove connectivity to the pin or change the equation and/or INIT string of the LUT to prevent this issue. If the cell is inferred or IP created LUT, please regenerate the IP and/or resynthesize the design to attempt to correct the issue.
Related violations: <none>

PDCN-1569#2 Warning
LUT equation term check  
Used physical LUT pin 'A4' of cell design_1_i/axi_mem_intercon/s00_couplers/auto_pc/inst/gen_axi4_axi3.axi3_conv_inst/USE_WRITE.write_addr_inst/USE_BURSTS.cmd_queue/inst/fifo_gen_inst/inst_fifo_gen/gconvfifo.rf/grf.rf/gntv_or_sync_fifo.gl0.rd/gr1.gr1_int.rfwft/gpregsm1.user_valid_i_1 (pin design_1_i/axi_mem_intercon/s00_couplers/auto_pc/inst/gen_axi4_axi3.axi3_conv_inst/USE_WRITE.write_addr_inst/USE_BURSTS.cmd_queue/inst/fifo_gen_inst/inst_fifo_gen/gconvfifo.rf/grf.rf/gntv_or_sync_fifo.gl0.rd/gr1.gr1_int.rfwft/gpregsm1.user_valid_i_1/I1) is not included in the LUT equation: 'O6=(A3)+((~A3)*(~A2)*A1)'. If this cell is a user instantiated LUT in the design, please remove connectivity to the pin or change the equation and/or INIT string of the LUT to prevent this issue. If the cell is inferred or IP created LUT, please regenerate the IP and/or resynthesize the design to attempt to correct the issue.
Related violations: <none>

PDCN-1569#3 Warning
LUT equation term check  
Used physical LUT pin 'A6' of cell design_1_i/axi_mem_intercon/s00_couplers/auto_pc/inst/gen_axi4_axi3.axi3_conv_inst/USE_WRITE.write_addr_inst/USE_B_CHANNEL.cmd_b_queue/inst/fifo_gen_inst/inst_fifo_gen/gconvfifo.rf/grf.rf/gntv_or_sync_fifo.gl0.rd/gr1.gr1_int.rfwft/gpregsm1.user_valid_i_1 (pin design_1_i/axi_mem_intercon/s00_couplers/auto_pc/inst/gen_axi4_axi3.axi3_conv_inst/USE_WRITE.write_addr_inst/USE_B_CHANNEL.cmd_b_queue/inst/fifo_gen_inst/inst_fifo_gen/gconvfifo.rf/grf.rf/gntv_or_sync_fifo.gl0.rd/gr1.gr1_int.rfwft/gpregsm1.user_valid_i_1/I1) is not included in the LUT equation: 'O6=(A5)+((~A5)*(~A4)*A3)'. If this cell is a user instantiated LUT in the design, please remove connectivity to the pin or change the equation and/or INIT string of the LUT to prevent this issue. If the cell is inferred or IP created LUT, please regenerate the IP and/or resynthesize the design to attempt to correct the issue.
Related violations: <none>

REQP-1839#1 Warning
RAMB36 async control check  
The RAMB36E1 design_1_i/kv_cache_axi_wrapper_0/inst/u_kv_core/gen_bram_way[0].data_mem_reg_0 has an input control pin design_1_i/kv_cache_axi_wrapper_0/inst/u_kv_core/gen_bram_way[0].data_mem_reg_0/ADDRARDADDR[10] (net: design_1_i/kv_cache_axi_wrapper_0/inst/u_kv_core/cur_set_idx_reg[5]_rep_rep__3_n_0) which is driven by a register (design_1_i/kv_cache_axi_wrapper_0/inst/u_kv_core/cur_set_idx_reg[5]_rep_rep__3) that has an active asychronous set or reset. This may cause corruption of the memory contents and/or read values when the set/reset is asserted and is not analyzed by the default static timing analysis. It is suggested to eliminate the use of a set/reset to registers driving this RAMB pin or else use a synchronous reset in which the assertion of the reset is timed by default.
Related violations: <none>

REQP-1839#2 Warning
RAMB36 async control check  
The RAMB36E1 design_1_i/kv_cache_axi_wrapper_0/inst/u_kv_core/gen_bram_way[0].data_mem_reg_0 has an input control pin design_1_i/kv_cache_axi_wrapper_0/inst/u_kv_core/gen_bram_way[0].data_mem_reg_0/ADDRARDADDR[11] (net: design_1_i/kv_cache_axi_wrapper_0/inst/u_kv_core/cur_set_idx_reg[6]_rep__1_n_0) which is driven by a register (design_1_i/kv_cache_axi_wrapper_0/inst/u_kv_core/cur_set_idx_reg[6]_rep__1) that has an active asychronous set or reset. This may cause corruption of the memory contents and/or read values when the set/reset is asserted and is not analyzed by the default static timing analysis. It is suggested to eliminate the use of a set/reset to registers driving this RAMB pin or else use a synchronous reset in which the assertion of the reset is timed by default.
Related violations: <none>

REQP-1839#3 Warning
RAMB36 async control check  
The RAMB36E1 design_1_i/kv_cache_axi_wrapper_0/inst/u_kv_core/gen_bram_way[0].data_mem_reg_0 has an input control pin design_1_i/kv_cache_axi_wrapper_0/inst/u_kv_core/gen_bram_way[0].data_mem_reg_0/ADDRARDADDR[12] (net: design_1_i/kv_cache_axi_wrapper_0/inst/u_kv_core/cur_set_idx_reg[7]_rep_rep__3_n_0) which is driven by a register (design_1_i/kv_cache_axi_wrapper_0/inst/u_kv_core/cur_set_idx_reg[7]_rep_rep__3) that has an active asychronous set or reset. This may cause corruption of the memory contents and/or read values when the set/reset is asserted and is not analyzed by the default static timing analysis. It is suggested to eliminate the use of a set/reset to registers driving this RAMB pin or else use a synchronous reset in which the assertion of the reset is timed by default.
Related violations: <none>

REQP-1839#4 Warning
RAMB36 async control check  
The RAMB36E1 design_1_i/kv_cache_axi_wrapper_0/inst/u_kv_core/gen_bram_way[0].data_mem_reg_0 has an input control pin design_1_i/kv_cache_axi_wrapper_0/inst/u_kv_core/gen_bram_way[0].data_mem_reg_0/ADDRARDADDR[13] (net: design_1_i/kv_cache_axi_wrapper_0/inst/u_kv_core/cur_set_idx_reg[8]_rep__2_n_0) which is driven by a register (design_1_i/kv_cache_axi_wrapper_0/inst/u_kv_core/cur_set_idx_reg[8]_rep__2) that has an active asychronous set or reset. This may cause corruption of the memory contents and/or read values when the set/reset is asserted and is not analyzed by the default static timing analysis. It is suggested to eliminate the use of a set/reset to registers driving this RAMB pin or else use a synchronous reset in which the assertion of the reset is timed by default.
Related violations: <none>

REQP-1839#5 Warning
RAMB36 async control check  
The RAMB36E1 design_1_i/kv_cache_axi_wrapper_0/inst/u_kv_core/gen_bram_way[0].data_mem_reg_0 has an input control pin design_1_i/kv_cache_axi_wrapper_0/inst/u_kv_core/gen_bram_way[0].data_mem_reg_0/ADDRARDADDR[5] (net: design_1_i/kv_cache_axi_wrapper_0/inst/u_kv_core/cur_set_idx_reg[0]_rep__39_n_0) which is driven by a register (design_1_i/kv_cache_axi_wrapper_0/inst/u_kv_core/cur_set_idx_reg[0]_rep__39) that has an active asychronous set or reset. This may cause corruption of the memory contents and/or read values when the set/reset is asserted and is not analyzed by the default static timing analysis. It is suggested to eliminate the use of a set/reset to registers driving this RAMB pin or else use a synchronous reset in which the assertion of the reset is timed by default.
Related violations: <none>

REQP-1839#6 Warning
RAMB36 async control check  
The RAMB36E1 design_1_i/kv_cache_axi_wrapper_0/inst/u_kv_core/gen_bram_way[0].data_mem_reg_0 has an input control pin design_1_i/kv_cache_axi_wrapper_0/inst/u_kv_core/gen_bram_way[0].data_mem_reg_0/ADDRARDADDR[6] (net: design_1_i/kv_cache_axi_wrapper_0/inst/u_kv_core/cur_set_idx_reg[1]_rep__35_n_0) which is driven by a register (design_1_i/kv_cache_axi_wrapper_0/inst/u_kv_core/cur_set_idx_reg[1]_rep__35) that has an active asychronous set or reset. This may cause corruption of the memory contents and/or read values when the set/reset is asserted and is not analyzed by the default static timing analysis. It is suggested to eliminate the use of a set/reset to registers driving this RAMB pin or else use a synchronous reset in which the assertion of the reset is timed by default.
Related violations: <none>

REQP-1839#7 Warning
RAMB36 async control check  
The RAMB36E1 design_1_i/kv_cache_axi_wrapper_0/inst/u_kv_core/gen_bram_way[0].data_mem_reg_0 has an input control pin design_1_i/kv_cache_axi_wrapper_0/inst/u_kv_core/gen_bram_way[0].data_mem_reg_0/ADDRARDADDR[7] (net: design_1_i/kv_cache_axi_wrapper_0/inst/u_kv_core/cur_set_idx_reg[2]_rep__25_n_0) which is driven by a register (design_1_i/kv_cache_axi_wrapper_0/inst/u_kv_core/cur_set_idx_reg[2]_rep__25) that has an active asychronous set or reset. This may cause corruption of the memory contents and/or read values when the set/reset is asserted and is not analyzed by the default static timing analysis. It is suggested to eliminate the use of a set/reset to registers driving this RAMB pin or else use a synchronous reset in which the assertion of the reset is timed by default.
Related violations: <none>

REQP-1839#8 Warning
RAMB36 async control check  
The RAMB36E1 design_1_i/kv_cache_axi_wrapper_0/inst/u_kv_core/gen_bram_way[0].data_mem_reg_0 has an input control pin design_1_i/kv_cache_axi_wrapper_0/inst/u_kv_core/gen_bram_way[0].data_mem_reg_0/ADDRARDADDR[8] (net: design_1_i/kv_cache_axi_wrapper_0/inst/u_kv_core/cur_set_idx_reg[3]_rep__21_n_0) which is driven by a register (design_1_i/kv_cache_axi_wrapper_0/inst/u_kv_core/cur_set_idx_reg[3]_rep__21) that has an active asychronous set or reset. This may cause corruption of the memory contents and/or read values when the set/reset is asserted and is not analyzed by the default static timing analysis. It is suggested to eliminate the use of a set/reset to registers driving this RAMB pin or else use a synchronous reset in which the assertion of the reset is timed by default.
Related violations: <none>

REQP-1839#9 Warning
RAMB36 async control check  
The RAMB36E1 design_1_i/kv_cache_axi_wrapper_0/inst/u_kv_core/gen_bram_way[0].data_mem_reg_0 has an input control pin design_1_i/kv_cache_axi_wrapper_0/inst/u_kv_core/gen_bram_way[0].data_mem_reg_0/ADDRARDADDR[9] (net: design_1_i/kv_cache_axi_wrapper_0/inst/u_kv_core/cur_set_idx_reg[4]_rep__71_n_0) which is driven by a register (design_1_i/kv_cache_axi_wrapper_0/inst/u_kv_core/cur_set_idx_reg[4]_rep__71) that has an active asychronous set or reset. This may cause corruption of the memory contents and/or read values when the set/reset is asserted and is not analyzed by the default static timing analysis. It is suggested to eliminate the use of a set/reset to registers driving this RAMB pin or else use a synchronous reset in which the assertion of the reset is timed by default.
Related violations: <none>

REQP-1839#10 Warning
RAMB36 async control check  
The RAMB36E1 design_1_i/kv_cache_axi_wrapper_0/inst/u_kv_core/gen_bram_way[0].data_mem_reg_0 has an input control pin design_1_i/kv_cache_axi_wrapper_0/inst/u_kv_core/gen_bram_way[0].data_mem_reg_0/ADDRBWRADDR[10] (net: design_1_i/kv_cache_axi_wrapper_0/inst/u_kv_core/cur_set_idx_reg[5]_rep_rep__3_n_0) which is driven by a register (design_1_i/kv_cache_axi_wrapper_0/inst/u_kv_core/cur_set_idx_reg[5]_rep_rep__3) that has an active asychronous set or reset. This may cause corruption of the memory contents and/or read values when the set/reset is asserted and is not analyzed by the default static timing analysis. It is suggested to eliminate the use of a set/reset to registers driving this RAMB pin or else use a synchronous reset in which the assertion of the reset is timed by default.
Related violations: <none>

REQP-1839#11 Warning
RAMB36 async control check  
The RAMB36E1 design_1_i/kv_cache_axi_wrapper_0/inst/u_kv_core/gen_bram_way[0].data_mem_reg_0 has an input control pin design_1_i/kv_cache_axi_wrapper_0/inst/u_kv_core/gen_bram_way[0].data_mem_reg_0/ADDRBWRADDR[11] (net: design_1_i/kv_cache_axi_wrapper_0/inst/u_kv_core/cur_set_idx_reg[6]_rep__1_n_0) which is driven by a register (design_1_i/kv_cache_axi_wrapper_0/inst/u_kv_core/cur_set_idx_reg[6]_rep__1) that has an active asychronous set or reset. This may cause corruption of the memory contents and/or read values when the set/reset is asserted and is not analyzed by the default static timing analysis. It is suggested to eliminate the use of a set/reset to registers driving this RAMB pin or else use a synchronous reset in which the assertion of the reset is timed by default.
Related violations: <none>

REQP-1839#12 Warning
RAMB36 async control check  
The RAMB36E1 design_1_i/kv_cache_axi_wrapper_0/inst/u_kv_core/gen_bram_way[0].data_mem_reg_0 has an input control pin design_1_i/kv_cache_axi_wrapper_0/inst/u_kv_core/gen_bram_way[0].data_mem_reg_0/ADDRBWRADDR[12] (net: design_1_i/kv_cache_axi_wrapper_0/inst/u_kv_core/cur_set_idx_reg[7]_rep_rep__3_n_0) which is driven by a register (design_1_i/kv_cache_axi_wrapper_0/inst/u_kv_core/cur_set_idx_reg[7]_rep_rep__3) that has an active asychronous set or reset. This may cause corruption of the memory contents and/or read values when the set/reset is asserted and is not analyzed by the default static timing analysis. It is suggested to eliminate the use of a set/reset to registers driving this RAMB pin or else use a synchronous reset in which the assertion of the reset is timed by default.
Related violations: <none>

REQP-1839#13 Warning
RAMB36 async control check  
The RAMB36E1 design_1_i/kv_cache_axi_wrapper_0/inst/u_kv_core/gen_bram_way[0].data_mem_reg_0 has an input control pin design_1_i/kv_cache_axi_wrapper_0/inst/u_kv_core/gen_bram_way[0].data_mem_reg_0/ADDRBWRADDR[13] (net: design_1_i/kv_cache_axi_wrapper_0/inst/u_kv_core/cur_set_idx_reg[8]_rep__2_n_0) which is driven by a register (design_1_i/kv_cache_axi_wrapper_0/inst/u_kv_core/cur_set_idx_reg[8]_rep__2) that has an active asychronous set or reset. This may cause corruption of the memory contents and/or read values when the set/reset is asserted and is not analyzed by the default static timing analysis. It is suggested to eliminate the use of a set/reset to registers driving this RAMB pin or else use a synchronous reset in which the assertion of the reset is timed by default.
Related violations: <none>

REQP-1839#14 Warning
RAMB36 async control check  
The RAMB36E1 design_1_i/kv_cache_axi_wrapper_0/inst/u_kv_core/gen_bram_way[0].data_mem_reg_0 has an input control pin design_1_i/kv_cache_axi_wrapper_0/inst/u_kv_core/gen_bram_way[0].data_mem_reg_0/ADDRBWRADDR[5] (net: design_1_i/kv_cache_axi_wrapper_0/inst/u_kv_core/cur_set_idx_reg[0]_rep__39_n_0) which is driven by a register (design_1_i/kv_cache_axi_wrapper_0/inst/u_kv_core/cur_set_idx_reg[0]_rep__39) that has an active asychronous set or reset. This may cause corruption of the memory contents and/or read values when the set/reset is asserted and is not analyzed by the default static timing analysis. It is suggested to eliminate the use of a set/reset to registers driving this RAMB pin or else use a synchronous reset in which the assertion of the reset is timed by default.
Related violations: <none>

REQP-1839#15 Warning
RAMB36 async control check  
The RAMB36E1 design_1_i/kv_cache_axi_wrapper_0/inst/u_kv_core/gen_bram_way[0].data_mem_reg_0 has an input control pin design_1_i/kv_cache_axi_wrapper_0/inst/u_kv_core/gen_bram_way[0].data_mem_reg_0/ADDRBWRADDR[6] (net: design_1_i/kv_cache_axi_wrapper_0/inst/u_kv_core/cur_set_idx_reg[1]_rep__35_n_0) which is driven by a register (design_1_i/kv_cache_axi_wrapper_0/inst/u_kv_core/cur_set_idx_reg[1]_rep__35) that has an active asychronous set or reset. This may cause corruption of the memory contents and/or read values when the set/reset is asserted and is not analyzed by the default static timing analysis. It is suggested to eliminate the use of a set/reset to registers driving this RAMB pin or else use a synchronous reset in which the assertion of the reset is timed by default.
Related violations: <none>

REQP-1839#16 Warning
RAMB36 async control check  
The RAMB36E1 design_1_i/kv_cache_axi_wrapper_0/inst/u_kv_core/gen_bram_way[0].data_mem_reg_0 has an input control pin design_1_i/kv_cache_axi_wrapper_0/inst/u_kv_core/gen_bram_way[0].data_mem_reg_0/ADDRBWRADDR[7] (net: design_1_i/kv_cache_axi_wrapper_0/inst/u_kv_core/cur_set_idx_reg[2]_rep__25_n_0) which is driven by a register (design_1_i/kv_cache_axi_wrapper_0/inst/u_kv_core/cur_set_idx_reg[2]_rep__25) that has an active asychronous set or reset. This may cause corruption of the memory contents and/or read values when the set/reset is asserted and is not analyzed by the default static timing analysis. It is suggested to eliminate the use of a set/reset to registers driving this RAMB pin or else use a synchronous reset in which the assertion of the reset is timed by default.
Related violations: <none>

REQP-1839#17 Warning
RAMB36 async control check  
The RAMB36E1 design_1_i/kv_cache_axi_wrapper_0/inst/u_kv_core/gen_bram_way[0].data_mem_reg_0 has an input control pin design_1_i/kv_cache_axi_wrapper_0/inst/u_kv_core/gen_bram_way[0].data_mem_reg_0/ADDRBWRADDR[8] (net: design_1_i/kv_cache_axi_wrapper_0/inst/u_kv_core/cur_set_idx_reg[3]_rep__21_n_0) which is driven by a register (design_1_i/kv_cache_axi_wrapper_0/inst/u_kv_core/cur_set_idx_reg[3]_rep__21) that has an active asychronous set or reset. This may cause corruption of the memory contents and/or read values when the set/reset is asserted and is not analyzed by the default static timing analysis. It is suggested to eliminate the use of a set/reset to registers driving this RAMB pin or else use a synchronous reset in which the assertion of the reset is timed by default.
Related violations: <none>

REQP-1839#18 Warning
RAMB36 async control check  
The RAMB36E1 design_1_i/kv_cache_axi_wrapper_0/inst/u_kv_core/gen_bram_way[0].data_mem_reg_0 has an input control pin design_1_i/kv_cache_axi_wrapper_0/inst/u_kv_core/gen_bram_way[0].data_mem_reg_0/ADDRBWRADDR[9] (net: design_1_i/kv_cache_axi_wrapper_0/inst/u_kv_core/cur_set_idx_reg[4]_rep__71_n_0) which is driven by a register (design_1_i/kv_cache_axi_wrapper_0/inst/u_kv_core/cur_set_idx_reg[4]_rep__71) that has an active asychronous set or reset. This may cause corruption of the memory contents and/or read values when the set/reset is asserted and is not analyzed by the default static timing analysis. It is suggested to eliminate the use of a set/reset to registers driving this RAMB pin or else use a synchronous reset in which the assertion of the reset is timed by default.
Related violations: <none>

REQP-1839#19 Warning
RAMB36 async control check  
The RAMB36E1 design_1_i/kv_cache_axi_wrapper_0/inst/u_kv_core/gen_bram_way[0].data_mem_reg_0 has an input control pin design_1_i/kv_cache_axi_wrapper_0/inst/u_kv_core/gen_bram_way[0].data_mem_reg_0/WEA[3] (net: design_1_i/kv_cache_axi_wrapper_0/inst/u_kv_core/p_0_in) which is driven by a register (design_1_i/kv_cache_axi_wrapper_0/inst/u_kv_core/cur_raw_victim_reg[0]) that has an active asychronous set or reset. This may cause corruption of the memory contents and/or read values when the set/reset is asserted and is not analyzed by the default static timing analysis. It is suggested to eliminate the use of a set/reset to registers driving this RAMB pin or else use a synchronous reset in which the assertion of the reset is timed by default.
Related violations: <none>

REQP-1839#20 Warning
RAMB36 async control check  
The RAMB36E1 design_1_i/kv_cache_axi_wrapper_0/inst/u_kv_core/gen_bram_way[0].data_mem_reg_0 has an input control pin design_1_i/kv_cache_axi_wrapper_0/inst/u_kv_core/gen_bram_way[0].data_mem_reg_0/WEA[3] (net: design_1_i/kv_cache_axi_wrapper_0/inst/u_kv_core/p_0_in) which is driven by a register (design_1_i/kv_cache_axi_wrapper_0/inst/u_kv_core/u_codec_k/dec_valid_out_reg) that has an active asychronous set or reset. This may cause corruption of the memory contents and/or read values when the set/reset is asserted and is not analyzed by the default static timing analysis. It is suggested to eliminate the use of a set/reset to registers driving this RAMB pin or else use a synchronous reset in which the assertion of the reset is timed by default.
Related violations: <none>

REQP-1840#1 Warning
RAMB18 async control check  
The RAMB18E1 design_1_i/kv_cache_axi_wrapper_0/inst/u_kv_core/gen_bram_way[0].tag_mem_reg has an input control pin design_1_i/kv_cache_axi_wrapper_0/inst/u_kv_core/gen_bram_way[0].tag_mem_reg/ADDRARDADDR[10] (net: design_1_i/kv_cache_axi_wrapper_0/inst/u_kv_core/cur_set_idx_reg[6]_rep__0_n_0) which is driven by a register (design_1_i/kv_cache_axi_wrapper_0/inst/u_kv_core/cur_set_idx_reg[6]_rep__0) that has an active asychronous set or reset. This may cause corruption of the memory contents and/or read values when the set/reset is asserted and is not analyzed by the default static timing analysis. It is suggested to eliminate the use of a set/reset to registers driving this RAMB pin or else use a synchronous reset in which the assertion of the reset is timed by default.
Related violations: <none>

REQP-1840#2 Warning
RAMB18 async control check  
The RAMB18E1 design_1_i/kv_cache_axi_wrapper_0/inst/u_kv_core/gen_bram_way[0].tag_mem_reg has an input control pin design_1_i/kv_cache_axi_wrapper_0/inst/u_kv_core/gen_bram_way[0].tag_mem_reg/ADDRARDADDR[11] (net: design_1_i/kv_cache_axi_wrapper_0/inst/u_kv_core/cur_set_idx_reg[7]_rep_rep__7_n_0) which is driven by a register (design_1_i/kv_cache_axi_wrapper_0/inst/u_kv_core/cur_set_idx_reg[7]_rep_rep__7) that has an active asychronous set or reset. This may cause corruption of the memory contents and/or read values when the set/reset is asserted and is not analyzed by the default static timing analysis. It is suggested to eliminate the use of a set/reset to registers driving this RAMB pin or else use a synchronous reset in which the assertion of the reset is timed by default.
Related violations: <none>

REQP-1840#3 Warning
RAMB18 async control check  
The RAMB18E1 design_1_i/kv_cache_axi_wrapper_0/inst/u_kv_core/gen_bram_way[0].tag_mem_reg has an input control pin design_1_i/kv_cache_axi_wrapper_0/inst/u_kv_core/gen_bram_way[0].tag_mem_reg/ADDRARDADDR[12] (net: design_1_i/kv_cache_axi_wrapper_0/inst/u_kv_core/cur_set_idx_reg[8]_rep__6_n_0) which is driven by a register (design_1_i/kv_cache_axi_wrapper_0/inst/u_kv_core/cur_set_idx_reg[8]_rep__6) that has an active asychronous set or reset. This may cause corruption of the memory contents and/or read values when the set/reset is asserted and is not analyzed by the default static timing analysis. It is suggested to eliminate the use of a set/reset to registers driving this RAMB pin or else use a synchronous reset in which the assertion of the reset is timed by default.
Related violations: <none>

REQP-1840#4 Warning
RAMB18 async control check  
The RAMB18E1 design_1_i/kv_cache_axi_wrapper_0/inst/u_kv_core/gen_bram_way[0].tag_mem_reg has an input control pin design_1_i/kv_cache_axi_wrapper_0/inst/u_kv_core/gen_bram_way[0].tag_mem_reg/ADDRARDADDR[4] (net: design_1_i/kv_cache_axi_wrapper_0/inst/u_kv_core/cur_set_idx_reg[0]_rep__43_n_0) which is driven by a register (design_1_i/kv_cache_axi_wrapper_0/inst/u_kv_core/cur_set_idx_reg[0]_rep__43) that has an active asychronous set or reset. This may cause corruption of the memory contents and/or read values when the set/reset is asserted and is not analyzed by the default static timing analysis. It is suggested to eliminate the use of a set/reset to registers driving this RAMB pin or else use a synchronous reset in which the assertion of the reset is timed by default.
Related violations: <none>

REQP-1840#5 Warning
RAMB18 async control check  
The RAMB18E1 design_1_i/kv_cache_axi_wrapper_0/inst/u_kv_core/gen_bram_way[0].tag_mem_reg has an input control pin design_1_i/kv_cache_axi_wrapper_0/inst/u_kv_core/gen_bram_way[0].tag_mem_reg/ADDRARDADDR[5] (net: design_1_i/kv_cache_axi_wrapper_0/inst/u_kv_core/cur_set_idx_reg[1]_rep__39_n_0) which is driven by a register (design_1_i/kv_cache_axi_wrapper_0/inst/u_kv_core/cur_set_idx_reg[1]_rep__39) that has an active asychronous set or reset. This may cause corruption of the memory contents and/or read values when the set/reset is asserted and is not analyzed by the default static timing analysis. It is suggested to eliminate the use of a set/reset to registers driving this RAMB pin or else use a synchronous reset in which the assertion of the reset is timed by default.
Related violations: <none>

REQP-1840#6 Warning
RAMB18 async control check  
The RAMB18E1 design_1_i/kv_cache_axi_wrapper_0/inst/u_kv_core/gen_bram_way[0].tag_mem_reg has an input control pin design_1_i/kv_cache_axi_wrapper_0/inst/u_kv_core/gen_bram_way[0].tag_mem_reg/ADDRARDADDR[6] (net: design_1_i/kv_cache_axi_wrapper_0/inst/u_kv_core/cur_set_idx_reg[2]_rep__29_n_0) which is driven by a register (design_1_i/kv_cache_axi_wrapper_0/inst/u_kv_core/cur_set_idx_reg[2]_rep__29) that has an active asychronous set or reset. This may cause corruption of the memory contents and/or read values when the set/reset is asserted and is not analyzed by the default static timing analysis. It is suggested to eliminate the use of a set/reset to registers driving this RAMB pin or else use a synchronous reset in which the assertion of the reset is timed by default.
Related violations: <none>

REQP-1840#7 Warning
RAMB18 async control check  
The RAMB18E1 design_1_i/kv_cache_axi_wrapper_0/inst/u_kv_core/gen_bram_way[0].tag_mem_reg has an input control pin design_1_i/kv_cache_axi_wrapper_0/inst/u_kv_core/gen_bram_way[0].tag_mem_reg/ADDRARDADDR[7] (net: design_1_i/kv_cache_axi_wrapper_0/inst/u_kv_core/cur_set_idx_reg[3]_rep__25_n_0) which is driven by a register (design_1_i/kv_cache_axi_wrapper_0/inst/u_kv_core/cur_set_idx_reg[3]_rep__25) that has an active asychronous set or reset. This may cause corruption of the memory contents and/or read values when the set/reset is asserted and is not analyzed by the default static timing analysis. It is suggested to eliminate the use of a set/reset to registers driving this RAMB pin or else use a synchronous reset in which the assertion of the reset is timed by default.
Related violations: <none>

REQP-1840#8 Warning
RAMB18 async control check  
The RAMB18E1 design_1_i/kv_cache_axi_wrapper_0/inst/u_kv_core/gen_bram_way[0].tag_mem_reg has an input control pin design_1_i/kv_cache_axi_wrapper_0/inst/u_kv_core/gen_bram_way[0].tag_mem_reg/ADDRARDADDR[8] (net: design_1_i/kv_cache_axi_wrapper_0/inst/u_kv_core/cur_set_idx_reg[4]_rep__75_n_0) which is driven by a register (design_1_i/kv_cache_axi_wrapper_0/inst/u_kv_core/cur_set_idx_reg[4]_rep__75) that has an active asychronous set or reset. This may cause corruption of the memory contents and/or read values when the set/reset is asserted and is not analyzed by the default static timing analysis. It is suggested to eliminate the use of a set/reset to registers driving this RAMB pin or else use a synchronous reset in which the assertion of the reset is timed by default.
Related violations: <none>

REQP-1840#9 Warning
RAMB18 async control check  
The RAMB18E1 design_1_i/kv_cache_axi_wrapper_0/inst/u_kv_core/gen_bram_way[0].tag_mem_reg has an input control pin design_1_i/kv_cache_axi_wrapper_0/inst/u_kv_core/gen_bram_way[0].tag_mem_reg/ADDRARDADDR[9] (net: design_1_i/kv_cache_axi_wrapper_0/inst/u_kv_core/cur_set_idx_reg[5]_rep_rep__7_n_0) which is driven by a register (design_1_i/kv_cache_axi_wrapper_0/inst/u_kv_core/cur_set_idx_reg[5]_rep_rep__7) that has an active asychronous set or reset. This may cause corruption of the memory contents and/or read values when the set/reset is asserted and is not analyzed by the default static timing analysis. It is suggested to eliminate the use of a set/reset to registers driving this RAMB pin or else use a synchronous reset in which the assertion of the reset is timed by default.
Related violations: <none>

REQP-1840#10 Warning
RAMB18 async control check  
The RAMB18E1 design_1_i/kv_cache_axi_wrapper_0/inst/u_kv_core/gen_bram_way[0].tag_mem_reg has an input control pin design_1_i/kv_cache_axi_wrapper_0/inst/u_kv_core/gen_bram_way[0].tag_mem_reg/ADDRBWRADDR[10] (net: design_1_i/kv_cache_axi_wrapper_0/inst/u_kv_core/cur_set_idx_reg[6]_rep__0_n_0) which is driven by a register (design_1_i/kv_cache_axi_wrapper_0/inst/u_kv_core/cur_set_idx_reg[6]_rep__0) that has an active asychronous set or reset. This may cause corruption of the memory contents and/or read values when the set/reset is asserted and is not analyzed by the default static timing analysis. It is suggested to eliminate the use of a set/reset to registers driving this RAMB pin or else use a synchronous reset in which the assertion of the reset is timed by default.
Related violations: <none>

REQP-1840#11 Warning
RAMB18 async control check  
The RAMB18E1 design_1_i/kv_cache_axi_wrapper_0/inst/u_kv_core/gen_bram_way[0].tag_mem_reg has an input control pin design_1_i/kv_cache_axi_wrapper_0/inst/u_kv_core/gen_bram_way[0].tag_mem_reg/ADDRBWRADDR[11] (net: design_1_i/kv_cache_axi_wrapper_0/inst/u_kv_core/cur_set_idx_reg[7]_rep_rep__7_n_0) which is driven by a register (design_1_i/kv_cache_axi_wrapper_0/inst/u_kv_core/cur_set_idx_reg[7]_rep_rep__7) that has an active asychronous set or reset. This may cause corruption of the memory contents and/or read values when the set/reset is asserted and is not analyzed by the default static timing analysis. It is suggested to eliminate the use of a set/reset to registers driving this RAMB pin or else use a synchronous reset in which the assertion of the reset is timed by default.
Related violations: <none>

REQP-1840#12 Warning
RAMB18 async control check  
The RAMB18E1 design_1_i/kv_cache_axi_wrapper_0/inst/u_kv_core/gen_bram_way[0].tag_mem_reg has an input control pin design_1_i/kv_cache_axi_wrapper_0/inst/u_kv_core/gen_bram_way[0].tag_mem_reg/ADDRBWRADDR[12] (net: design_1_i/kv_cache_axi_wrapper_0/inst/u_kv_core/cur_set_idx_reg[8]_rep__6_n_0) which is driven by a register (design_1_i/kv_cache_axi_wrapper_0/inst/u_kv_core/cur_set_idx_reg[8]_rep__6) that has an active asychronous set or reset. This may cause corruption of the memory contents and/or read values when the set/reset is asserted and is not analyzed by the default static timing analysis. It is suggested to eliminate the use of a set/reset to registers driving this RAMB pin or else use a synchronous reset in which the assertion of the reset is timed by default.
Related violations: <none>

REQP-1840#13 Warning
RAMB18 async control check  
The RAMB18E1 design_1_i/kv_cache_axi_wrapper_0/inst/u_kv_core/gen_bram_way[0].tag_mem_reg has an input control pin design_1_i/kv_cache_axi_wrapper_0/inst/u_kv_core/gen_bram_way[0].tag_mem_reg/ADDRBWRADDR[4] (net: design_1_i/kv_cache_axi_wrapper_0/inst/u_kv_core/cur_set_idx_reg[0]_rep__43_n_0) which is driven by a register (design_1_i/kv_cache_axi_wrapper_0/inst/u_kv_core/cur_set_idx_reg[0]_rep__43) that has an active asychronous set or reset. This may cause corruption of the memory contents and/or read values when the set/reset is asserted and is not analyzed by the default static timing analysis. It is suggested to eliminate the use of a set/reset to registers driving this RAMB pin or else use a synchronous reset in which the assertion of the reset is timed by default.
Related violations: <none>

REQP-1840#14 Warning
RAMB18 async control check  
The RAMB18E1 design_1_i/kv_cache_axi_wrapper_0/inst/u_kv_core/gen_bram_way[0].tag_mem_reg has an input control pin design_1_i/kv_cache_axi_wrapper_0/inst/u_kv_core/gen_bram_way[0].tag_mem_reg/ADDRBWRADDR[5] (net: design_1_i/kv_cache_axi_wrapper_0/inst/u_kv_core/cur_set_idx_reg[1]_rep__39_n_0) which is driven by a register (design_1_i/kv_cache_axi_wrapper_0/inst/u_kv_core/cur_set_idx_reg[1]_rep__39) that has an active asychronous set or reset. This may cause corruption of the memory contents and/or read values when the set/reset is asserted and is not analyzed by the default static timing analysis. It is suggested to eliminate the use of a set/reset to registers driving this RAMB pin or else use a synchronous reset in which the assertion of the reset is timed by default.
Related violations: <none>

REQP-1840#15 Warning
RAMB18 async control check  
The RAMB18E1 design_1_i/kv_cache_axi_wrapper_0/inst/u_kv_core/gen_bram_way[0].tag_mem_reg has an input control pin design_1_i/kv_cache_axi_wrapper_0/inst/u_kv_core/gen_bram_way[0].tag_mem_reg/ADDRBWRADDR[6] (net: design_1_i/kv_cache_axi_wrapper_0/inst/u_kv_core/cur_set_idx_reg[2]_rep__29_n_0) which is driven by a register (design_1_i/kv_cache_axi_wrapper_0/inst/u_kv_core/cur_set_idx_reg[2]_rep__29) that has an active asychronous set or reset. This may cause corruption of the memory contents and/or read values when the set/reset is asserted and is not analyzed by the default static timing analysis. It is suggested to eliminate the use of a set/reset to registers driving this RAMB pin or else use a synchronous reset in which the assertion of the reset is timed by default.
Related violations: <none>

REQP-1840#16 Warning
RAMB18 async control check  
The RAMB18E1 design_1_i/kv_cache_axi_wrapper_0/inst/u_kv_core/gen_bram_way[0].tag_mem_reg has an input control pin design_1_i/kv_cache_axi_wrapper_0/inst/u_kv_core/gen_bram_way[0].tag_mem_reg/ADDRBWRADDR[7] (net: design_1_i/kv_cache_axi_wrapper_0/inst/u_kv_core/cur_set_idx_reg[3]_rep__25_n_0) which is driven by a register (design_1_i/kv_cache_axi_wrapper_0/inst/u_kv_core/cur_set_idx_reg[3]_rep__25) that has an active asychronous set or reset. This may cause corruption of the memory contents and/or read values when the set/reset is asserted and is not analyzed by the default static timing analysis. It is suggested to eliminate the use of a set/reset to registers driving this RAMB pin or else use a synchronous reset in which the assertion of the reset is timed by default.
Related violations: <none>

REQP-1840#17 Warning
RAMB18 async control check  
The RAMB18E1 design_1_i/kv_cache_axi_wrapper_0/inst/u_kv_core/gen_bram_way[0].tag_mem_reg has an input control pin design_1_i/kv_cache_axi_wrapper_0/inst/u_kv_core/gen_bram_way[0].tag_mem_reg/ADDRBWRADDR[8] (net: design_1_i/kv_cache_axi_wrapper_0/inst/u_kv_core/cur_set_idx_reg[4]_rep__75_n_0) which is driven by a register (design_1_i/kv_cache_axi_wrapper_0/inst/u_kv_core/cur_set_idx_reg[4]_rep__75) that has an active asychronous set or reset. This may cause corruption of the memory contents and/or read values when the set/reset is asserted and is not analyzed by the default static timing analysis. It is suggested to eliminate the use of a set/reset to registers driving this RAMB pin or else use a synchronous reset in which the assertion of the reset is timed by default.
Related violations: <none>

REQP-1840#18 Warning
RAMB18 async control check  
The RAMB18E1 design_1_i/kv_cache_axi_wrapper_0/inst/u_kv_core/gen_bram_way[0].tag_mem_reg has an input control pin design_1_i/kv_cache_axi_wrapper_0/inst/u_kv_core/gen_bram_way[0].tag_mem_reg/ADDRBWRADDR[9] (net: design_1_i/kv_cache_axi_wrapper_0/inst/u_kv_core/cur_set_idx_reg[5]_rep_rep__7_n_0) which is driven by a register (design_1_i/kv_cache_axi_wrapper_0/inst/u_kv_core/cur_set_idx_reg[5]_rep_rep__7) that has an active asychronous set or reset. This may cause corruption of the memory contents and/or read values when the set/reset is asserted and is not analyzed by the default static timing analysis. It is suggested to eliminate the use of a set/reset to registers driving this RAMB pin or else use a synchronous reset in which the assertion of the reset is timed by default.
Related violations: <none>

REQP-1840#19 Warning
RAMB18 async control check  
The RAMB18E1 design_1_i/kv_cache_axi_wrapper_0/inst/u_kv_core/gen_bram_way[0].tag_mem_reg has an input control pin design_1_i/kv_cache_axi_wrapper_0/inst/u_kv_core/gen_bram_way[0].tag_mem_reg/WEA[1] (net: design_1_i/kv_cache_axi_wrapper_0/inst/u_kv_core/p_0_in) which is driven by a register (design_1_i/kv_cache_axi_wrapper_0/inst/u_kv_core/cur_raw_victim_reg[0]) that has an active asychronous set or reset. This may cause corruption of the memory contents and/or read values when the set/reset is asserted and is not analyzed by the default static timing analysis. It is suggested to eliminate the use of a set/reset to registers driving this RAMB pin or else use a synchronous reset in which the assertion of the reset is timed by default.
Related violations: <none>

REQP-1840#20 Warning
RAMB18 async control check  
The RAMB18E1 design_1_i/kv_cache_axi_wrapper_0/inst/u_kv_core/gen_bram_way[0].tag_mem_reg has an input control pin design_1_i/kv_cache_axi_wrapper_0/inst/u_kv_core/gen_bram_way[0].tag_mem_reg/WEA[1] (net: design_1_i/kv_cache_axi_wrapper_0/inst/u_kv_core/p_0_in) which is driven by a register (design_1_i/kv_cache_axi_wrapper_0/inst/u_kv_core/u_codec_k/dec_valid_out_reg) that has an active asychronous set or reset. This may cause corruption of the memory contents and/or read values when the set/reset is asserted and is not analyzed by the default static timing analysis. It is suggested to eliminate the use of a set/reset to registers driving this RAMB pin or else use a synchronous reset in which the assertion of the reset is timed by default.
Related violations: <none>

RTSTAT-10#1 Warning
No routable loads  
33 net(s) have no routable loads. The problem bus(es) and/or net(s) are design_1_i/axi_mem_intercon/s00_couplers/auto_pc/inst/gen_axi4_axi3.axi3_conv_inst/USE_READ.USE_SPLIT_R.read_addr_inst/USE_R_CHANNEL.cmd_queue/inst/fifo_gen_inst/inst_fifo_gen/gconvfifo.rf/grf.rf/gntv_or_sync_fifo.gl0.rd/gr1.gr1_int.rfwft/aempty_fwft_i,
design_1_i/axi_mem_intercon/s00_couplers/auto_pc/inst/gen_axi4_axi3.axi3_conv_inst/USE_READ.USE_SPLIT_R.read_addr_inst/USE_R_CHANNEL.cmd_queue/inst/fifo_gen_inst/inst_fifo_gen/gconvfifo.rf/grf.rf/gntv_or_sync_fifo.gl0.wr/gwss.wsts/ram_afull_fb,
design_1_i/axi_mem_intercon/s00_couplers/auto_pc/inst/gen_axi4_axi3.axi3_conv_inst/USE_READ.USE_SPLIT_R.read_addr_inst/USE_R_CHANNEL.cmd_queue/inst/fifo_gen_inst/inst_fifo_gen/gconvfifo.rf/grf.rf/gntv_or_sync_fifo.gl0.wr/gwss.wsts/ram_afull_i,
design_1_i/axi_mem_intercon/s00_couplers/auto_pc/inst/gen_axi4_axi3.axi3_conv_inst/USE_READ.USE_SPLIT_R.read_addr_inst/USE_R_CHANNEL.cmd_queue/inst/fifo_gen_inst/inst_fifo_gen/gconvfifo.rf/grf.rf/rstblk/ngwrdrst.grst.rd_rst_reg[2:0],
design_1_i/axi_mem_intercon/s00_couplers/auto_pc/inst/gen_axi4_axi3.axi3_conv_inst/USE_READ.USE_SPLIT_R.read_addr_inst/USE_R_CHANNEL.cmd_queue/inst/fifo_gen_inst/inst_fifo_gen/gconvfifo.rf/grf.rf/rstblk/ngwrdrst.grst.wr_rst_reg[2:0],
design_1_i/axi_mem_intercon/s00_couplers/auto_pc/inst/gen_axi4_axi3.axi3_conv_inst/USE_WRITE.write_addr_inst/USE_BURSTS.cmd_queue/inst/fifo_gen_inst/inst_fifo_gen/gconvfifo.rf/grf.rf/gntv_or_sync_fifo.gl0.rd/gr1.gr1_int.rfwft/aempty_fwft_i,
design_1_i/axi_mem_intercon/s00_couplers/auto_pc/inst/gen_axi4_axi3.axi3_conv_inst/USE_WRITE.write_addr_inst/USE_BURSTS.cmd_queue/inst/fifo_gen_inst/inst_fifo_gen/gconvfifo.rf/grf.rf/gntv_or_sync_fifo.gl0.wr/gwss.wsts/ram_afull_fb,
design_1_i/axi_mem_intercon/s00_couplers/auto_pc/inst/gen_axi4_axi3.axi3_conv_inst/USE_WRITE.write_addr_inst/USE_BURSTS.cmd_queue/inst/fifo_gen_inst/inst_fifo_gen/gconvfifo.rf/grf.rf/gntv_or_sync_fifo.gl0.wr/gwss.wsts/ram_afull_i,
design_1_i/axi_mem_intercon/s00_couplers/auto_pc/inst/gen_axi4_axi3.axi3_conv_inst/USE_WRITE.write_addr_inst/USE_BURSTS.cmd_queue/inst/fifo_gen_inst/inst_fifo_gen/gconvfifo.rf/grf.rf/rstblk/ngwrdrst.grst.rd_rst_reg[2:0],
design_1_i/axi_mem_intercon/s00_couplers/auto_pc/inst/gen_axi4_axi3.axi3_conv_inst/USE_WRITE.write_addr_inst/USE_BURSTS.cmd_queue/inst/fifo_gen_inst/inst_fifo_gen/gconvfifo.rf/grf.rf/rstblk/ngwrdrst.grst.wr_rst_reg[2:0],
design_1_i/axi_mem_intercon/s00_couplers/auto_pc/inst/gen_axi4_axi3.axi3_conv_inst/USE_WRITE.write_addr_inst/USE_B_CHANNEL.cmd_b_queue/inst/fifo_gen_inst/inst_fifo_gen/gconvfifo.rf/grf.rf/gntv_or_sync_fifo.gl0.rd/gr1.gr1_int.rfwft/aempty_fwft_i,
design_1_i/axi_mem_intercon/s00_couplers/auto_pc/inst/gen_axi4_axi3.axi3_conv_inst/USE_WRITE.write_addr_inst/USE_B_CHANNEL.cmd_b_queue/inst/fifo_gen_inst/inst_fifo_gen/gconvfifo.rf/grf.rf/gntv_or_sync_fifo.gl0.wr/gwss.wsts/ram_afull_fb,
design_1_i/axi_mem_intercon/s00_couplers/auto_pc/inst/gen_axi4_axi3.axi3_conv_inst/USE_WRITE.write_addr_inst/USE_B_CHANNEL.cmd_b_queue/inst/fifo_gen_inst/inst_fifo_gen/gconvfifo.rf/grf.rf/gntv_or_sync_fifo.gl0.wr/gwss.wsts/ram_afull_i,
design_1_i/axi_mem_intercon/s00_couplers/auto_pc/inst/gen_axi4_axi3.axi3_conv_inst/USE_WRITE.write_addr_inst/USE_B_CHANNEL.cmd_b_queue/inst/fifo_gen_inst/inst_fifo_gen/gconvfifo.rf/grf.rf/rstblk/ngwrdrst.grst.rd_rst_reg[2:0],
design_1_i/axi_mem_intercon/s00_couplers/auto_pc/inst/gen_axi4_axi3.axi3_conv_inst/USE_WRITE.write_addr_inst/USE_B_CHANNEL.cmd_b_queue/inst/fifo_gen_inst/inst_fifo_gen/gconvfifo.rf/grf.rf/rstblk/ngwrdrst.grst.wr_rst_reg[2:0]
 (the first 15 of 21 listed nets/buses).
Related violations: <none>


